
--------------------------------------------------
TXLib соболезнует...

Программа: C:\Users\Administrator\Desktop\Projects\CPP\main.exe,

ВНЕЗАПНО: signal (4, 0x00): SIGILL: Попытка выполнить недопустимую операцию. Проверьте указатели на функции. 

С помощью функции signal() вы можете сами обработать эту ошибку.

#1: TXLib [Ver: 00173a, Rev: 175, Date: 2025-12-31 23:02:50 +0400], Instance: 0x00007FF6EB0E07D0 (64-bit), Flags: Cmdre0, Thread: 0x5434 (Main). 

--------------------------------------------------
Стек вызовов:

# 0 0x00007FF6EB09BEE5 in C:\Users\Administrator\Desktop\Projects\CPP\main.exe: (anonymous namespace)::TX::_txError()
# 1 0x00007FF6EB09C250 in C:\Users\Administrator\Desktop\Projects\CPP\main.exe: (anonymous namespace)::TX::_txOnSignal()
# 2 0x00007FFB94C3F2E4 in C:\WINDOWS\System32\ucrtbase.dll: seh_filter_exe()
# 3 0x00007FF6EB091080 in C:\Users\Administrator\Desktop\Projects\CPP\main.exe: __mingw_SEH_signal_dispatcher() at D:/W/B/src/mingw-w64/mingw-w64-crt/crt/seh_signal_dispatcher.h:41
# 4 0x00007FFB97B04ABF in C:\WINDOWS\SYSTEM32\ntdll.dll: _chkstk()
# 5 0x00007FFB979E5E97 in C:\WINDOWS\SYSTEM32\ntdll.dll: RtlLocateExtendedFeature()
# 6 0x00007FFB97B043FE in C:\WINDOWS\SYSTEM32\ntdll.dll: KiUserExceptionDispatcher()
# 7 0x00007FF6EB0B2B76 in C:\Users\Administrator\Desktop\Projects\CPP\main.exe: RunAllTest()
# 8 0x00007FF6EB0B165B in C:\Users\Administrator\Desktop\Projects\CPP\main.exe: main()

--------------------------------------------------
Developed with:

The Dumb Artist Library (TX Library)
TXLib [Ver: 00173a, Rev: 175, Date: 2025-12-31 23:02:50 +0400]
Copyright (C) Ded (Ilya Dedinsky, http://txlib.ru) <mail@txlib.ru>
See license on: http://txlib.ru

TXLib file:	C:\Programm\app\TX\TXLib.h
Compiled:	Aug 23 2026 17:16:19, GNU g++ 16.1.0, std=202002L, MinGW-W64 Runtime 15.0.0 (alpha - rev. 0) 0000-00-00, 64-bit, Debug
Started:	Aug 23 2026 17:16:24

Run file:	C:\Users\Administrator\Desktop\Projects\CPP\main.exe
Directory:	C:\Users\Administrator\Desktop\Projects\CPP

--------------------------------------------------

--------------------------------------------------
TXLib соболезнует...

Программа: C:\Users\Administrator\Desktop\Projects\CPP\main.exe,

ВНЕЗАПНО: signal (4, 0x00): SIGILL: Попытка выполнить недопустимую операцию. Проверьте указатели на функции. 

С помощью функции signal() вы можете сами обработать эту ошибку.

#1: TXLib [Ver: 00173a, Rev: 175, Date: 2025-12-31 23:02:50 +0400], Instance: 0x00007FF6EB0E07D0 (64-bit), Flags: Cmdre0, Thread: 0x6780 (Main). 

--------------------------------------------------
Стек вызовов:

# 0 0x00007FF6EB09BEE5 in C:\Users\Administrator\Desktop\Projects\CPP\main.exe: (anonymous namespace)::TX::_txError()
# 1 0x00007FF6EB09C250 in C:\Users\Administrator\Desktop\Projects\CPP\main.exe: (anonymous namespace)::TX::_txOnSignal()
# 2 0x00007FFB94C3F2E4 in C:\WINDOWS\System32\ucrtbase.dll: seh_filter_exe()
# 3 0x00007FF6EB091080 in C:\Users\Administrator\Desktop\Projects\CPP\main.exe: __mingw_SEH_signal_dispatcher() at D:/W/B/src/mingw-w64/mingw-w64-crt/crt/seh_signal_dispatcher.h:41
# 4 0x00007FFB97B04ABF in C:\WINDOWS\SYSTEM32\ntdll.dll: _chkstk()
# 5 0x00007FFB979E5E97 in C:\WINDOWS\SYSTEM32\ntdll.dll: RtlLocateExtendedFeature()
# 6 0x00007FFB97B043FE in C:\WINDOWS\SYSTEM32\ntdll.dll: KiUserExceptionDispatcher()
# 7 0x00007FF6EB0B2B76 in C:\Users\Administrator\Desktop\Projects\CPP\main.exe: RunAllTest()
# 8 0x00007FF6EB0B165B in C:\Users\Administrator\Desktop\Projects\CPP\main.exe: main()

--------------------------------------------------
Developed with:

The Dumb Artist Library (TX Library)
TXLib [Ver: 00173a, Rev: 175, Date: 2025-12-31 23:02:50 +0400]
Copyright (C) Ded (Ilya Dedinsky, http://txlib.ru) <mail@txlib.ru>
See license on: http://txlib.ru

TXLib file:	C:\Programm\app\TX\TXLib.h
Compiled:	Aug 23 2026 17:16:19, GNU g++ 16.1.0, std=202002L, MinGW-W64 Runtime 15.0.0 (alpha - rev. 0) 0000-00-00, 64-bit, Debug
Started:	Aug 23 2026 17:16:59

Run file:	C:\Users\Administrator\Desktop\Projects\CPP\main.exe
Directory:	C:\Users\Administrator\Desktop\Projects\CPP

--------------------------------------------------

--------------------------------------------------
TXLib соболезнует...

Программа: C:\Users\Administrator\Desktop\Projects\CPP\main.exe,

ВНЕЗАПНО: signal (4, 0x00): SIGILL: Попытка выполнить недопустимую операцию. Проверьте указатели на функции. 

С помощью функции signal() вы можете сами обработать эту ошибку.

#1: TXLib [Ver: 00173a, Rev: 175, Date: 2025-12-31 23:02:50 +0400], Instance: 0x00007FF6EB0E07D0 (64-bit), Flags: Cmdre0, Thread: 0x4040 (Main). 

--------------------------------------------------
Стек вызовов:

# 0 0x00007FF6EB09BEE5 in C:\Users\Administrator\Desktop\Projects\CPP\main.exe: (anonymous namespace)::TX::_txError()
# 1 0x00007FF6EB09C250 in C:\Users\Administrator\Desktop\Projects\CPP\main.exe: (anonymous namespace)::TX::_txOnSignal()
# 2 0x00007FFB94C3F2E4 in C:\WINDOWS\System32\ucrtbase.dll: seh_filter_exe()
# 3 0x00007FF6EB091080 in C:\Users\Administrator\Desktop\Projects\CPP\main.exe: __mingw_SEH_signal_dispatcher() at D:/W/B/src/mingw-w64/mingw-w64-crt/crt/seh_signal_dispatcher.h:41
# 4 0x00007FFB97B04ABF in C:\WINDOWS\SYSTEM32\ntdll.dll: _chkstk()
# 5 0x00007FFB979E5E97 in C:\WINDOWS\SYSTEM32\ntdll.dll: RtlLocateExtendedFeature()
# 6 0x00007FFB97B043FE in C:\WINDOWS\SYSTEM32\ntdll.dll: KiUserExceptionDispatcher()
# 7 0x00007FF6EB0B2B76 in C:\Users\Administrator\Desktop\Projects\CPP\main.exe: RunAllTest()
# 8 0x00007FF6EB0B165B in C:\Users\Administrator\Desktop\Projects\CPP\main.exe: main()

--------------------------------------------------
Developed with:

The Dumb Artist Library (TX Library)
TXLib [Ver: 00173a, Rev: 175, Date: 2025-12-31 23:02:50 +0400]
Copyright (C) Ded (Ilya Dedinsky, http://txlib.ru) <mail@txlib.ru>
See license on: http://txlib.ru

TXLib file:	C:\Programm\app\TX\TXLib.h
Compiled:	Aug 23 2026 17:16:19, GNU g++ 16.1.0, std=202002L, MinGW-W64 Runtime 15.0.0 (alpha - rev. 0) 0000-00-00, 64-bit, Debug
Started:	Aug 23 2026 17:18:00

Run file:	C:\Users\Administrator\Desktop\Projects\CPP\main.exe
Directory:	C:\Users\Administrator\Desktop\Projects\CPP

--------------------------------------------------

--------------------------------------------------
TXLib соболезнует...

Программа: C:\Users\Administrator\Desktop\Projects\CPP\main.exe,

ВНЕЗАПНО: signal (4, 0x00): SIGILL: Попытка выполнить недопустимую операцию. Проверьте указатели на функции. 

С помощью функции signal() вы можете сами обработать эту ошибку.

#1: TXLib [Ver: 00173a, Rev: 175, Date: 2025-12-31 23:02:50 +0400], Instance: 0x00007FF705A707D0 (64-bit), Flags: Cmdre0, Thread: 0x6A88 (Main). 

--------------------------------------------------
Стек вызовов:

# 0 0x00007FF705A2BEE5 in C:\Users\Administrator\Desktop\Projects\CPP\main.exe: (anonymous namespace)::TX::_txError()
# 1 0x00007FF705A2C250 in C:\Users\Administrator\Desktop\Projects\CPP\main.exe: (anonymous namespace)::TX::_txOnSignal()
# 2 0x00007FFB94C3F2E4 in C:\WINDOWS\System32\ucrtbase.dll: seh_filter_exe()
# 3 0x00007FF705A21080 in C:\Users\Administrator\Desktop\Projects\CPP\main.exe: __mingw_SEH_signal_dispatcher() at D:/W/B/src/mingw-w64/mingw-w64-crt/crt/seh_signal_dispatcher.h:41
# 4 0x00007FFB97B04ABF in C:\WINDOWS\SYSTEM32\ntdll.dll: _chkstk()
# 5 0x00007FFB979E5E97 in C:\WINDOWS\SYSTEM32\ntdll.dll: RtlLocateExtendedFeature()
# 6 0x00007FFB97B043FE in C:\WINDOWS\SYSTEM32\ntdll.dll: KiUserExceptionDispatcher()
# 7 0x00007FF705A42B76 in C:\Users\Administrator\Desktop\Projects\CPP\main.exe: RunAllTest()
# 8 0x00007FF705A4165B in C:\Users\Administrator\Desktop\Projects\CPP\main.exe: main()

--------------------------------------------------
Developed with:

The Dumb Artist Library (TX Library)
TXLib [Ver: 00173a, Rev: 175, Date: 2025-12-31 23:02:50 +0400]
Copyright (C) Ded (Ilya Dedinsky, http://txlib.ru) <mail@txlib.ru>
See license on: http://txlib.ru

TXLib file:	C:\Programm\app\TX\TXLib.h
Compiled:	Aug 23 2026 17:18:06, GNU g++ 16.1.0, std=202002L, MinGW-W64 Runtime 15.0.0 (alpha - rev. 0) 0000-00-00, 64-bit, Debug
Started:	Aug 23 2026 17:18:24

Run file:	C:\Users\Administrator\Desktop\Projects\CPP\main.exe
Directory:	C:\Users\Administrator\Desktop\Projects\CPP

--------------------------------------------------

--------------------------------------------------
TXLib соболезнует...

Программа: C:\Users\Administrator\Desktop\Projects\CPP\main.exe,

ВНЕЗАПНО: signal (4, 0x00): SIGILL: Попытка выполнить недопустимую операцию. Проверьте указатели на функции. 

С помощью функции signal() вы можете сами обработать эту ошибку.

#1: TXLib [Ver: 00173a, Rev: 175, Date: 2025-12-31 23:02:50 +0400], Instance: 0x00007FF655A107D0 (64-bit), Flags: Cmdre0, Thread: 0x6B60 (Main). 

--------------------------------------------------
Стек вызовов:

# 0 0x00007FF6559CBEE5 in C:\Users\Administrator\Desktop\Projects\CPP\main.exe: (anonymous namespace)::TX::_txError()
# 1 0x00007FF6559CC250 in C:\Users\Administrator\Desktop\Projects\CPP\main.exe: (anonymous namespace)::TX::_txOnSignal()
# 2 0x00007FFB94C3F2E4 in C:\WINDOWS\System32\ucrtbase.dll: seh_filter_exe()
# 3 0x00007FF6559C1080 in C:\Users\Administrator\Desktop\Projects\CPP\main.exe: __mingw_SEH_signal_dispatcher() at D:/W/B/src/mingw-w64/mingw-w64-crt/crt/seh_signal_dispatcher.h:41
# 4 0x00007FFB97B04ABF in C:\WINDOWS\SYSTEM32\ntdll.dll: _chkstk()
# 5 0x00007FFB979E5E97 in C:\WINDOWS\SYSTEM32\ntdll.dll: RtlLocateExtendedFeature()
# 6 0x00007FFB97B043FE in C:\WINDOWS\SYSTEM32\ntdll.dll: KiUserExceptionDispatcher()
# 7 0x00007FF6559E2B76 in C:\Users\Administrator\Desktop\Projects\CPP\main.exe: RunAllTest()
# 8 0x00007FF6559E165B in C:\Users\Administrator\Desktop\Projects\CPP\main.exe: main()

--------------------------------------------------
Developed with:

The Dumb Artist Library (TX Library)
TXLib [Ver: 00173a, Rev: 175, Date: 2025-12-31 23:02:50 +0400]
Copyright (C) Ded (Ilya Dedinsky, http://txlib.ru) <mail@txlib.ru>
See license on: http://txlib.ru

TXLib file:	C:\Programm\app\TX\TXLib.h
Compiled:	Aug 23 2026 17:19:28, GNU g++ 16.1.0, std=202002L, MinGW-W64 Runtime 15.0.0 (alpha - rev. 0) 0000-00-00, 64-bit, Debug
Started:	Aug 23 2026 17:19:33

Run file:	C:\Users\Administrator\Desktop\Projects\CPP\main.exe
Directory:	C:\Users\Administrator\Desktop\Projects\CPP

--------------------------------------------------

--------------------------------------------------
TXLib соболезнует...

Программа: C:\Users\Administrator\Desktop\Projects\CPP\main.exe,

ВНЕЗАПНО: signal (4, 0x00): SIGILL: Попытка выполнить недопустимую операцию. Проверьте указатели на функции. 

С помощью функции signal() вы можете сами обработать эту ошибку.

#1: TXLib [Ver: 00173a, Rev: 175, Date: 2025-12-31 23:02:50 +0400], Instance: 0x00007FF631E607D0 (64-bit), Flags: Cmdre0, Thread: 0x6B5C (Main). 

--------------------------------------------------
Стек вызовов:

# 0 0x00007FF631E1BEE5 in C:\Users\Administrator\Desktop\Projects\CPP\main.exe: (anonymous namespace)::TX::_txError()
# 1 0x00007FF631E1C250 in C:\Users\Administrator\Desktop\Projects\CPP\main.exe: (anonymous namespace)::TX::_txOnSignal()
# 2 0x00007FFB94C3F2E4 in C:\WINDOWS\System32\ucrtbase.dll: seh_filter_exe()
# 3 0x00007FF631E11080 in C:\Users\Administrator\Desktop\Projects\CPP\main.exe: __mingw_SEH_signal_dispatcher() at D:/W/B/src/mingw-w64/mingw-w64-crt/crt/seh_signal_dispatcher.h:41
# 4 0x00007FFB97B04ABF in C:\WINDOWS\SYSTEM32\ntdll.dll: _chkstk()
# 5 0x00007FFB979E5E97 in C:\WINDOWS\SYSTEM32\ntdll.dll: RtlLocateExtendedFeature()
# 6 0x00007FFB97B043FE in C:\WINDOWS\SYSTEM32\ntdll.dll: KiUserExceptionDispatcher()
# 7 0x00007FF631E32B76 in C:\Users\Administrator\Desktop\Projects\CPP\main.exe: RunAllTest()
# 8 0x00007FF631E3165B in C:\Users\Administrator\Desktop\Projects\CPP\main.exe: main()

--------------------------------------------------
Developed with:

The Dumb Artist Library (TX Library)
TXLib [Ver: 00173a, Rev: 175, Date: 2025-12-31 23:02:50 +0400]
Copyright (C) Ded (Ilya Dedinsky, http://txlib.ru) <mail@txlib.ru>
See license on: http://txlib.ru

TXLib file:	C:\Programm\app\TX\TXLib.h
Compiled:	Aug 23 2026 17:19:55, GNU g++ 16.1.0, std=202002L, MinGW-W64 Runtime 15.0.0 (alpha - rev. 0) 0000-00-00, 64-bit, Debug
Started:	Aug 23 2026 17:19:59

Run file:	C:\Users\Administrator\Desktop\Projects\CPP\main.exe
Directory:	C:\Users\Administrator\Desktop\Projects\CPP

--------------------------------------------------

--------------------------------------------------
TXLib соболезнует...

Программа: C:\Users\Administrator\Desktop\Projects\CPP\main.exe,

ВНЕЗАПНО: signal (4, 0x00): SIGILL: Попытка выполнить недопустимую операцию. Проверьте указатели на функции. 

С помощью функции signal() вы можете сами обработать эту ошибку.

#1: TXLib [Ver: 00173a, Rev: 175, Date: 2025-12-31 23:02:50 +0400], Instance: 0x00007FF7520E07D0 (64-bit), Flags: Cmdre0, Thread: 0x8134 (Main). 

--------------------------------------------------
Стек вызовов:

# 0 0x00007FF75209BEE5 in C:\Users\Administrator\Desktop\Projects\CPP\main.exe: (anonymous namespace)::TX::_txError()
# 1 0x00007FF75209C250 in C:\Users\Administrator\Desktop\Projects\CPP\main.exe: (anonymous namespace)::TX::_txOnSignal()
# 2 0x00007FFB94C3F2E4 in C:\WINDOWS\System32\ucrtbase.dll: seh_filter_exe()
# 3 0x00007FF752091080 in C:\Users\Administrator\Desktop\Projects\CPP\main.exe: __mingw_SEH_signal_dispatcher() at D:/W/B/src/mingw-w64/mingw-w64-crt/crt/seh_signal_dispatcher.h:41
# 4 0x00007FFB97B04ABF in C:\WINDOWS\SYSTEM32\ntdll.dll: _chkstk()
# 5 0x00007FFB979E5E97 in C:\WINDOWS\SYSTEM32\ntdll.dll: RtlLocateExtendedFeature()
# 6 0x00007FFB97B043FE in C:\WINDOWS\SYSTEM32\ntdll.dll: KiUserExceptionDispatcher()
# 7 0x00007FF7520B2B76 in C:\Users\Administrator\Desktop\Projects\CPP\main.exe: RunAllTest()
# 8 0x00007FF7520B165B in C:\Users\Administrator\Desktop\Projects\CPP\main.exe: main()

--------------------------------------------------
Developed with:

The Dumb Artist Library (TX Library)
TXLib [Ver: 00173a, Rev: 175, Date: 2025-12-31 23:02:50 +0400]
Copyright (C) Ded (Ilya Dedinsky, http://txlib.ru) <mail@txlib.ru>
See license on: http://txlib.ru

TXLib file:	C:\Programm\app\TX\TXLib.h
Compiled:	Aug 23 2026 17:20:58, GNU g++ 16.1.0, std=202002L, MinGW-W64 Runtime 15.0.0 (alpha - rev. 0) 0000-00-00, 64-bit, Debug
Started:	Aug 23 2026 17:21:02

Run file:	C:\Users\Administrator\Desktop\Projects\CPP\main.exe
Directory:	C:\Users\Administrator\Desktop\Projects\CPP

--------------------------------------------------

--------------------------------------------------
TXLib соболезнует...

Программа: C:\Users\Administrator\Desktop\Projects\CPP\main.exe,

ВНЕЗАПНО: signal (4, 0x00): SIGILL: Попытка выполнить недопустимую операцию. Проверьте указатели на функции. 

С помощью функции signal() вы можете сами обработать эту ошибку.

#1: TXLib [Ver: 00173a, Rev: 175, Date: 2025-12-31 23:02:50 +0400], Instance: 0x00007FF6734E07D0 (64-bit), Flags: Cmdre0, Thread: 0x6E40 (Main). 

--------------------------------------------------
Стек вызовов:

# 0 0x00007FF67349BEE5 in C:\Users\Administrator\Desktop\Projects\CPP\main.exe: (anonymous namespace)::TX::_txError()
# 1 0x00007FF67349C250 in C:\Users\Administrator\Desktop\Projects\CPP\main.exe: (anonymous namespace)::TX::_txOnSignal()
# 2 0x00007FFB94C3F2E4 in C:\WINDOWS\System32\ucrtbase.dll: seh_filter_exe()
# 3 0x00007FF673491080 in C:\Users\Administrator\Desktop\Projects\CPP\main.exe: __mingw_SEH_signal_dispatcher() at D:/W/B/src/mingw-w64/mingw-w64-crt/crt/seh_signal_dispatcher.h:41
# 4 0x00007FFB97B04ABF in C:\WINDOWS\SYSTEM32\ntdll.dll: _chkstk()
# 5 0x00007FFB979E5E97 in C:\WINDOWS\SYSTEM32\ntdll.dll: RtlLocateExtendedFeature()
# 6 0x00007FFB97B043FE in C:\WINDOWS\SYSTEM32\ntdll.dll: KiUserExceptionDispatcher()
# 7 0x00007FF6734B2B0B in C:\Users\Administrator\Desktop\Projects\CPP\main.exe: RunAllTest()
# 8 0x00007FF6734B165B in C:\Users\Administrator\Desktop\Projects\CPP\main.exe: main()

--------------------------------------------------
Developed with:

The Dumb Artist Library (TX Library)
TXLib [Ver: 00173a, Rev: 175, Date: 2025-12-31 23:02:50 +0400]
Copyright (C) Ded (Ilya Dedinsky, http://txlib.ru) <mail@txlib.ru>
See license on: http://txlib.ru

TXLib file:	C:\Programm\app\TX\TXLib.h
Compiled:	Aug 23 2026 17:21:25, GNU g++ 16.1.0, std=202002L, MinGW-W64 Runtime 15.0.0 (alpha - rev. 0) 0000-00-00, 64-bit, Debug
Started:	Aug 23 2026 17:21:29

Run file:	C:\Users\Administrator\Desktop\Projects\CPP\main.exe
Directory:	C:\Users\Administrator\Desktop\Projects\CPP

--------------------------------------------------

--------------------------------------------------
TXLib соболезнует...

Программа: C:\Users\Administrator\Desktop\Projects\CPP\main.exe,

ВНЕЗАПНО: signal (4, 0x00): SIGILL: Попытка выполнить недопустимую операцию. Проверьте указатели на функции. 

С помощью функции signal() вы можете сами обработать эту ошибку.

#1: TXLib [Ver: 00173a, Rev: 175, Date: 2025-12-31 23:02:50 +0400], Instance: 0x00007FF618E607D0 (64-bit), Flags: Cmdre0, Thread: 0x82BC (Main). 

--------------------------------------------------
Стек вызовов:

# 0 0x00007FF618E1BEE5 in C:\Users\Administrator\Desktop\Projects\CPP\main.exe: (anonymous namespace)::TX::_txError()
# 1 0x00007FF618E1C250 in C:\Users\Administrator\Desktop\Projects\CPP\main.exe: (anonymous namespace)::TX::_txOnSignal()
# 2 0x00007FFB94C3F2E4 in C:\WINDOWS\System32\ucrtbase.dll: seh_filter_exe()
# 3 0x00007FF618E11080 in C:\Users\Administrator\Desktop\Projects\CPP\main.exe: __mingw_SEH_signal_dispatcher() at D:/W/B/src/mingw-w64/mingw-w64-crt/crt/seh_signal_dispatcher.h:41
# 4 0x00007FFB97B04ABF in C:\WINDOWS\SYSTEM32\ntdll.dll: _chkstk()
# 5 0x00007FFB979E5E97 in C:\WINDOWS\SYSTEM32\ntdll.dll: RtlLocateExtendedFeature()
# 6 0x00007FFB97B043FE in C:\WINDOWS\SYSTEM32\ntdll.dll: KiUserExceptionDispatcher()
# 7 0x00007FF618E32B0B in C:\Users\Administrator\Desktop\Projects\CPP\main.exe: RunAllTest()
# 8 0x00007FF618E3165B in C:\Users\Administrator\Desktop\Projects\CPP\main.exe: main()

--------------------------------------------------
Developed with:

The Dumb Artist Library (TX Library)
TXLib [Ver: 00173a, Rev: 175, Date: 2025-12-31 23:02:50 +0400]
Copyright (C) Ded (Ilya Dedinsky, http://txlib.ru) <mail@txlib.ru>
See license on: http://txlib.ru

TXLib file:	C:\Programm\app\TX\TXLib.h
Compiled:	Aug 23 2026 17:22:29, GNU g++ 16.1.0, std=202002L, MinGW-W64 Runtime 15.0.0 (alpha - rev. 0) 0000-00-00, 64-bit, Debug
Started:	Aug 23 2026 17:22:34

Run file:	C:\Users\Administrator\Desktop\Projects\CPP\main.exe
Directory:	C:\Users\Administrator\Desktop\Projects\CPP

--------------------------------------------------

--------------------------------------------------
TXLib соболезнует...

Программа: C:\Users\Administrator\Desktop\Projects\CPP\main.exe,

ВНЕЗАПНО: signal (8, 0x00): SIGFPE: Грубая ошибка в вычислениях. 

С помощью функции signal() вы можете сами обработать эту ошибку.

#1: TXLib [Ver: 00173a, Rev: 175, Date: 2025-12-31 23:02:50 +0400], Instance: 0x00007FF7A34407D0 (64-bit), Flags: Cmdre0, Thread: 0x74EC (Main). 

--------------------------------------------------
Стек вызовов:

# 0 0x00007FF7A33FBEE5 in C:\Users\Administrator\Desktop\Projects\CPP\main.exe: (anonymous namespace)::TX::_txError()
# 1 0x00007FF7A33FC250 in C:\Users\Administrator\Desktop\Projects\CPP\main.exe: (anonymous namespace)::TX::_txOnSignal()
# 2 0x00007FFB94CA6EAF in C:\WINDOWS\System32\ucrtbase.dll: memcpy()
# 3 0x00007FF7A33F1080 in C:\Users\Administrator\Desktop\Projects\CPP\main.exe: __mingw_SEH_signal_dispatcher() at D:/W/B/src/mingw-w64/mingw-w64-crt/crt/seh_signal_dispatcher.h:41
# 4 0x00007FFB97B04ABF in C:\WINDOWS\SYSTEM32\ntdll.dll: _chkstk()
# 5 0x00007FFB979E5E97 in C:\WINDOWS\SYSTEM32\ntdll.dll: RtlLocateExtendedFeature()
# 6 0x00007FFB97B043FE in C:\WINDOWS\SYSTEM32\ntdll.dll: KiUserExceptionDispatcher()
# 7 0x00007FF7A3411D8D in C:\Users\Administrator\Desktop\Projects\CPP\main.exe: CompFloat()
# 8 0x00007FF7A34123F2 in C:\Users\Administrator\Desktop\Projects\CPP\main.exe: RunOneTest()
# 9 0x00007FF7A34128B7 in C:\Users\Administrator\Desktop\Projects\CPP\main.exe: RunAllTest()
#10 0x00007FF7A341165B in C:\Users\Administrator\Desktop\Projects\CPP\main.exe: main()

--------------------------------------------------
Developed with:

The Dumb Artist Library (TX Library)
TXLib [Ver: 00173a, Rev: 175, Date: 2025-12-31 23:02:50 +0400]
Copyright (C) Ded (Ilya Dedinsky, http://txlib.ru) <mail@txlib.ru>
See license on: http://txlib.ru

TXLib file:	C:\Programm\app\TX\TXLib.h
Compiled:	Aug 23 2026 18:53:01, GNU g++ 16.1.0, std=202002L, MinGW-W64 Runtime 15.0.0 (alpha - rev. 0) 0000-00-00, 64-bit, Debug
Started:	Aug 23 2026 18:54:57

Run file:	C:\Users\Administrator\Desktop\Projects\CPP\main.exe
Directory:	C:\Users\Administrator\Desktop\Projects\CPP

--------------------------------------------------

--------------------------------------------------
TXLib соболезнует...

Программа: C:\Users\Administrator\Desktop\Projects\CPP\main.exe,

ВНЕЗАПНО: signal (4, 0x00): SIGILL: Попытка выполнить недопустимую операцию. Проверьте указатели на функции. 

С помощью функции signal() вы можете сами обработать эту ошибку.

#1: TXLib [Ver: 00173a, Rev: 175, Date: 2025-12-31 23:02:50 +0400], Instance: 0x00007FF7464207D0 (64-bit), Flags: Cmdre0, Thread: 0x3854 (Main). 

--------------------------------------------------
Стек вызовов:

# 0 0x00007FF7463DBEE5 in C:\Users\Administrator\Desktop\Projects\CPP\main.exe: (anonymous namespace)::TX::_txError()
# 1 0x00007FF7463DC250 in C:\Users\Administrator\Desktop\Projects\CPP\main.exe: (anonymous namespace)::TX::_txOnSignal()
# 2 0x00007FFB94C3F2E4 in C:\WINDOWS\System32\ucrtbase.dll: seh_filter_exe()
# 3 0x00007FF7463D1080 in C:\Users\Administrator\Desktop\Projects\CPP\main.exe: __mingw_SEH_signal_dispatcher() at D:/W/B/src/mingw-w64/mingw-w64-crt/crt/seh_signal_dispatcher.h:41
# 4 0x00007FFB97B04ABF in C:\WINDOWS\SYSTEM32\ntdll.dll: _chkstk()
# 5 0x00007FFB979E5E97 in C:\WINDOWS\SYSTEM32\ntdll.dll: RtlLocateExtendedFeature()
# 6 0x00007FFB97B043FE in C:\WINDOWS\SYSTEM32\ntdll.dll: KiUserExceptionDispatcher()
# 7 0x00007FF7463F2A09 in C:\Users\Administrator\Desktop\Projects\CPP\main.exe: RunAllTest()
# 8 0x00007FF7463F165B in C:\Users\Administrator\Desktop\Projects\CPP\main.exe: main()

--------------------------------------------------
Developed with:

The Dumb Artist Library (TX Library)
TXLib [Ver: 00173a, Rev: 175, Date: 2025-12-31 23:02:50 +0400]
Copyright (C) Ded (Ilya Dedinsky, http://txlib.ru) <mail@txlib.ru>
See license on: http://txlib.ru

TXLib file:	C:\Programm\app\TX\TXLib.h
Compiled:	Aug 23 2026 19:28:00, GNU g++ 16.1.0, std=202002L, MinGW-W64 Runtime 15.0.0 (alpha - rev. 0) 0000-00-00, 64-bit, Debug
Started:	Aug 23 2026 19:28:05

Run file:	C:\Users\Administrator\Desktop\Projects\CPP\main.exe
Directory:	C:\Users\Administrator\Desktop\Projects\CPP

--------------------------------------------------

--------------------------------------------------
TXLib соболезнует...

Программа: C:\Users\Administrator\Desktop\Projects\CPP\main.exe,

ВНЕЗАПНО: signal (4, 0x00): SIGILL: Попытка выполнить недопустимую операцию. Проверьте указатели на функции. 

С помощью функции signal() вы можете сами обработать эту ошибку.

#1: TXLib [Ver: 00173a, Rev: 175, Date: 2025-12-31 23:02:50 +0400], Instance: 0x00007FF69F4707D0 (64-bit), Flags: Cmdre0, Thread: 0x5B1C (Main). 

--------------------------------------------------
Стек вызовов:

# 0 0x00007FF69F42BEE5 in C:\Users\Administrator\Desktop\Projects\CPP\main.exe: (anonymous namespace)::TX::_txError()
# 1 0x00007FF69F42C250 in C:\Users\Administrator\Desktop\Projects\CPP\main.exe: (anonymous namespace)::TX::_txOnSignal()
# 2 0x00007FFB94C3F2E4 in C:\WINDOWS\System32\ucrtbase.dll: seh_filter_exe()
# 3 0x00007FF69F421080 in C:\Users\Administrator\Desktop\Projects\CPP\main.exe: __mingw_SEH_signal_dispatcher() at D:/W/B/src/mingw-w64/mingw-w64-crt/crt/seh_signal_dispatcher.h:41
# 4 0x00007FFB97B04ABF in C:\WINDOWS\SYSTEM32\ntdll.dll: _chkstk()
# 5 0x00007FFB979E5E97 in C:\WINDOWS\SYSTEM32\ntdll.dll: RtlLocateExtendedFeature()
# 6 0x00007FFB97B043FE in C:\WINDOWS\SYSTEM32\ntdll.dll: KiUserExceptionDispatcher()
# 7 0x00007FF69F441A5E in C:\Users\Administrator\Desktop\Projects\CPP\main.exe: PrintValues()
# 8 0x00007FF69F441727 in C:\Users\Administrator\Desktop\Projects\CPP\main.exe: main()

--------------------------------------------------
Developed with:

The Dumb Artist Library (TX Library)
TXLib [Ver: 00173a, Rev: 175, Date: 2025-12-31 23:02:50 +0400]
Copyright (C) Ded (Ilya Dedinsky, http://txlib.ru) <mail@txlib.ru>
See license on: http://txlib.ru

TXLib file:	C:\Programm\app\TX\TXLib.h
Compiled:	Aug 26 2026 16:45:27, GNU g++ 16.1.0, std=202002L, MinGW-W64 Runtime 15.0.0 (alpha - rev. 0) 0000-00-00, 64-bit, Debug
Started:	Aug 26 2026 16:45:33

Run file:	C:\Users\Administrator\Desktop\Projects\CPP\main.exe
Directory:	C:\Users\Administrator\Desktop\Projects\CPP

--------------------------------------------------

--------------------------------------------------
TXLib соболезнует...

Программа: C:\Users\Administrator\Desktop\Projects\CPP\main.exe,

ВНЕЗАПНО: signal (4, 0x00): SIGILL: Попытка выполнить недопустимую операцию. Проверьте указатели на функции. 

С помощью функции signal() вы можете сами обработать эту ошибку.

#1: TXLib [Ver: 00173a, Rev: 175, Date: 2025-12-31 23:02:50 +0400], Instance: 0x00007FF748D107D0 (64-bit), Flags: Cmdre0, Thread: 0x510 (Main). 

--------------------------------------------------
Стек вызовов:

# 0 0x00007FF748CCBEE5 in C:\Users\Administrator\Desktop\Projects\CPP\main.exe: (anonymous namespace)::TX::_txError()
# 1 0x00007FF748CCC250 in C:\Users\Administrator\Desktop\Projects\CPP\main.exe: (anonymous namespace)::TX::_txOnSignal()
# 2 0x00007FFB94C3F2E4 in C:\WINDOWS\System32\ucrtbase.dll: seh_filter_exe()
# 3 0x00007FF748CC1080 in C:\Users\Administrator\Desktop\Projects\CPP\main.exe: __mingw_SEH_signal_dispatcher() at D:/W/B/src/mingw-w64/mingw-w64-crt/crt/seh_signal_dispatcher.h:41
# 4 0x00007FFB97B04ABF in C:\WINDOWS\SYSTEM32\ntdll.dll: _chkstk()
# 5 0x00007FFB979E5E97 in C:\WINDOWS\SYSTEM32\ntdll.dll: RtlLocateExtendedFeature()
# 6 0x00007FFB97B043FE in C:\WINDOWS\SYSTEM32\ntdll.dll: KiUserExceptionDispatcher()
# 7 0x00007FF748CE1A5E in C:\Users\Administrator\Desktop\Projects\CPP\main.exe: PrintValues()
# 8 0x00007FF748CE1727 in C:\Users\Administrator\Desktop\Projects\CPP\main.exe: main()

--------------------------------------------------
Developed with:

The Dumb Artist Library (TX Library)
TXLib [Ver: 00173a, Rev: 175, Date: 2025-12-31 23:02:50 +0400]
Copyright (C) Ded (Ilya Dedinsky, http://txlib.ru) <mail@txlib.ru>
See license on: http://txlib.ru

TXLib file:	C:\Programm\app\TX\TXLib.h
Compiled:	Aug 26 2026 16:54:28, GNU g++ 16.1.0, std=202002L, MinGW-W64 Runtime 15.0.0 (alpha - rev. 0) 0000-00-00, 64-bit, Debug
Started:	Aug 26 2026 16:54:31

Run file:	C:\Users\Administrator\Desktop\Projects\CPP\main.exe
Directory:	C:\Users\Administrator\Desktop\Projects\CPP

--------------------------------------------------
